V3 8
FL /home/pedro/Documents/unb/labCD/proj4/visto1/entity.vhd 2018/09/16.18:07:05 P.20131013
EN work/muxFunc 1537132050 \
      FL /home/pedro/Documents/unb/labCD/proj4/visto1/entity.vhd \
      PB ieee/std_logic_1164 1381692176 LB work
AR work/muxFunc/Behavioral 1537132051 \
      FL /home/pedro/Documents/unb/labCD/proj4/visto1/entity.vhd EN work/muxFunc 1537132050 \
      CP mux
FL /home/pedro/Documents/unb/labCD/proj4/visto1/mux.vhd 2018/08/31.09:19:58 P.20131013
EN work/mux 1537132048 FL /home/pedro/Documents/unb/labCD/proj4/visto1/mux.vhd \
      PB ieee/std_logic_1164 1381692176
AR work/mux/mux_arc 1537132049 \
      FL /home/pedro/Documents/unb/labCD/proj4/visto1/mux.vhd EN work/mux 1537132048
