V3 3
FL /home/pedro/Documents/unb/labCD/proj5/sum4_gm/sum4_gm.vhd 2018/09/23.11:45:14 P.20131013
EN work/sum4_gm 1537713918 \
      FL /home/pedro/Documents/unb/labCD/proj5/sum4_gm/sum4_gm.vhd \
      PB ieee/std_logic_1164 1381692176 PB ieee/std_logic_arith 1381692177
AR work/sum4_gm/Behavioral 1537713919 \
      FL /home/pedro/Documents/unb/labCD/proj5/sum4_gm/sum4_gm.vhd \
      EN work/sum4_gm 1537713918
