EN contador10 NULL /home/pedro/Documents/unb/labCD/proj8/contador10.vhdl sub00/vhpl00 1541863691
EN exp8visto1 NULL /home/pedro/Documents/unb/labCD/proj8/exp8visto1.vhdl sub00/vhpl06 1541863697
AR exp8visto1 exp8visto1_arch /home/pedro/Documents/unb/labCD/proj8/exp8visto1.vhdl sub00/vhpl07 1541863698
EN contador100 NULL /home/pedro/Documents/unb/labCD/proj8/contador100.vhdl sub00/vhpl02 1541863695
EN divclock NULL /home/pedro/Documents/unb/labCD/proj8/divclock.vhdl sub00/vhpl04 1541863693
AR divclock divclock_arch /home/pedro/Documents/unb/labCD/proj8/divclock.vhdl sub00/vhpl05 1541863694
AR contador100 contador100_arch /home/pedro/Documents/unb/labCD/proj8/contador100.vhdl sub00/vhpl03 1541863696
AR contador10 contador10_arch /home/pedro/Documents/unb/labCD/proj8/contador10.vhdl sub00/vhpl01 1541863692
