V3 15
FL /home/pedro/Documents/unb/labCD/proj8/contador10.vhdl 2018/11/10.12:52:09 P.20131013
EN work/contador10 1541863691 \
      FL /home/pedro/Documents/unb/labCD/proj8/contador10.vhdl \
      PB ieee/std_logic_1164 1381692176
AR work/contador10/contador10_arch 1541863692 \
      FL /home/pedro/Documents/unb/labCD/proj8/contador10.vhdl EN work/contador10 1541863691
FL /home/pedro/Documents/unb/labCD/proj8/contador100.vhdl 2018/11/10.13:03:43 P.20131013
EN work/contador100 1541863695 \
      FL /home/pedro/Documents/unb/labCD/proj8/contador100.vhdl \
      PB ieee/std_logic_1164 1381692176
AR work/contador100/contador100_arch 1541863696 \
      FL /home/pedro/Documents/unb/labCD/proj8/contador100.vhdl \
      EN work/contador100 1541863695 CP contador10
FL /home/pedro/Documents/unb/labCD/proj8/divclock.vhdl 2016/10/25.21:25:54 P.20131013
EN work/divclock 1541863693 \
      FL /home/pedro/Documents/unb/labCD/proj8/divclock.vhdl \
      PB ieee/std_logic_1164 1381692176 PB ieee/std_logic_arith 1381692177 \
      PB ieee/STD_LOGIC_UNSIGNED 1381692179
AR work/divclock/divclock_arch 1541863694 \
      FL /home/pedro/Documents/unb/labCD/proj8/divclock.vhdl EN work/divclock 1541863693
FL /home/pedro/Documents/unb/labCD/proj8/exp8visto1.vhdl 2018/11/10.13:09:39 P.20131013
EN work/exp8visto1 1541863697 \
      FL /home/pedro/Documents/unb/labCD/proj8/exp8visto1.vhdl \
      PB ieee/std_logic_1164 1381692176
AR work/exp8visto1/exp8visto1_arch 1541863698 \
      FL /home/pedro/Documents/unb/labCD/proj8/exp8visto1.vhdl EN work/exp8visto1 1541863697 \
      CP divclock CP contador100
