V3 3
FL /home/pedro/Documents/unb/labCD/proj2/adder.vhd 2018/08/31.09:19:59 P.20131013
EN work/adder 1535718269 FL /home/pedro/Documents/unb/labCD/proj2/adder.vhd \
      PB ieee/std_logic_1164 1381692176
AR work/adder/adder_arc 1535718270 \
      FL /home/pedro/Documents/unb/labCD/proj2/adder.vhd EN work/adder 1535718269
