EN contador10 NULL /home/pedro/Documents/unb/labCD/proj8/contador10.vhdl sub00/vhpl04 1541878093
AR convbinario7seg convbinario7seg_arch /home/pedro/Documents/unb/labCD/proj8/convbinario7seg.vhdl sub00/vhpl13 1541878106
EN maqestados NULL /home/pedro/Documents/unb/labCD/proj8/maqestados.vhdl sub00/vhpl00 1541878101
EN exp8visto3 NULL /home/pedro/Documents/unb/labCD/proj8/exp8visto3.vhdl sub00/vhpl16 1541878109
AR exp8visto3 exp8visto3_arch /home/pedro/Documents/unb/labCD/proj8/exp8visto3.vhdl sub00/vhpl17 1541878110
AR convsemaforo7seg convsemaforo7seg_arch /home/pedro/Documents/unb/labCD/proj8/convsemaforo7seg.vhdl sub00/vhpl03 1541878104
EN convsemaforo7seg NULL /home/pedro/Documents/unb/labCD/proj8/convsemaforo7seg.vhdl sub00/vhpl02 1541878103
EN contador100 NULL /home/pedro/Documents/unb/labCD/proj8/contador100.vhdl sub00/vhpl08 1541878097
AR timeflags timeflags_arch /home/pedro/Documents/unb/labCD/proj8/timeflags.vhdl sub00/vhpl11 1541878100
EN divclock NULL /home/pedro/Documents/unb/labCD/proj8/divclock.vhdl sub00/vhpl06 1541878095
AR maqestados maqestados_arch /home/pedro/Documents/unb/labCD/proj8/maqestados.vhdl sub00/vhpl01 1541878102
AR divclock divclock_arch /home/pedro/Documents/unb/labCD/proj8/divclock.vhdl sub00/vhpl07 1541878096
EN convbinario7seg NULL /home/pedro/Documents/unb/labCD/proj8/convbinario7seg.vhdl sub00/vhpl12 1541878105
AR contador100 contador100_arch /home/pedro/Documents/unb/labCD/proj8/contador100.vhdl sub00/vhpl09 1541878098
AR mostrador mostrador_arch /home/pedro/Documents/unb/labCD/proj8/mostrador.vhdl sub00/vhpl15 1541878108
AR contador10 contador10_arch /home/pedro/Documents/unb/labCD/proj8/contador10.vhdl sub00/vhpl05 1541878094
EN mostrador NULL /home/pedro/Documents/unb/labCD/proj8/mostrador.vhdl sub00/vhpl14 1541878107
EN timeflags NULL /home/pedro/Documents/unb/labCD/proj8/timeflags.vhdl sub00/vhpl10 1541878099
