V3 3
FL /home/pedro/Documents/unb/labCD/proj5/refri/refri.vhd 2018/10/28.11:54:19 P.20131013
EN work/refri 1540738470 FL /home/pedro/Documents/unb/labCD/proj5/refri/refri.vhd \
      PB ieee/std_logic_1164 1381692176
AR work/refri/Behavioral 1540738471 \
      FL /home/pedro/Documents/unb/labCD/proj5/refri/refri.vhd EN work/refri 1540738470
